21:14:01 **** Build of configuration Debug for project xuartlite_selftest_example_1 ****
make all 
'Building file: ../src/xuartlite_selftest_example.c'
'Invoking: MicroBlaze gcc compiler'
mb-gcc -Wall -O0 -g3 -c -fmessage-length=0 -MT"src/xuartlite_selftest_example.o" -IC:/Users/ravim/OneDrive/Desktop/Vitis/TestBed_IMU/export/TestBed_IMU/sw/TestBed_IMU/standalone_domain/bspinclude/include -mlittle-endian -mcpu=v11.0 -mxl-soft-mul -Wl,--no-relax -ffunction-sections -fdata-sections -MMD -MP -MF"src/xuartlite_selftest_example.d" -MT"src/xuartlite_selftest_example.o" -o "src/xuartlite_selftest_example.o" "../src/xuartlite_selftest_example.c"
'Finished building: ../src/xuartlite_selftest_example.c'
' '
'Building target: xuartlite_selftest_example_1.elf'
'Invoking: MicroBlaze gcc linker'
mb-gcc -Wl,-T -Wl,../src/lscript.ld -LC:/Users/ravim/OneDrive/Desktop/Vitis/TestBed_IMU/export/TestBed_IMU/sw/TestBed_IMU/standalone_domain/bsplib/lib -mlittle-endian -mcpu=v11.0 -mxl-soft-mul -Wl,--no-relax -Wl,--gc-sections -o "xuartlite_selftest_example_1.elf"  ./src/xuartlite_selftest_example.o   -Wl,--start-group,-lxil,-lgcc,-lc,--end-group
'Finished building target: xuartlite_selftest_example_1.elf'
' '
'Invoking: MicroBlaze Print Size'
mb-size xuartlite_selftest_example_1.elf  |tee "xuartlite_selftest_example_1.elf.size"
   text	   data	    bss	    dec	    hex	filename
   8908	    720	   3196	  12824	   3218	xuartlite_selftest_example_1.elf
'Finished building: xuartlite_selftest_example_1.elf.size'
' '

21:14:01 Build Finished (took 613ms)

